2026-01-29 23:35:21.060  6326-6326  FullSyncUseCase         com.mydeck.app                       D  Start Full Sync Worker
2026-01-29 23:35:21.081  6326-6346  JobInfo                 com.mydeck.app                       W  Requested important-while-foreground flag for job88 is ignored and takes no effect
2026-01-29 23:35:21.081  6326-6346  WM-SystemJobScheduler   com.mydeck.app                       D  Scheduling work ID 3ba513ba-f2b2-4807-887c-dc77c841853aJob ID 88
2026-01-29 23:35:21.102  6326-6346  WM-GreedyScheduler      com.mydeck.app                       D  Starting tracking for 3ba513ba-f2b2-4807-887c-dc77c841853a
2026-01-29 23:35:21.104  6326-6326  WM-SystemJobService     com.mydeck.app                       D  onStartJob for WorkGenerationalId(workSpecId=3ba513ba-f2b2-4807-887c-dc77c841853a, generation=0)
2026-01-29 23:35:21.106  6326-6353  WM-Processor            com.mydeck.app                       D  Processor: processing WorkGenerationalId(workSpecId=3ba513ba-f2b2-4807-887c-dc77c841853a, generation=0)
2026-01-29 23:35:21.113  6326-6326  WM-WorkerWrapper        com.mydeck.app                       D  Starting work for com.mydeck.app.worker.FullSyncWorker
2026-01-29 23:35:21.115  6326-6887  FullSyncWorker          com.mydeck.app                       D  Start Work
2026-01-29 23:35:21.118  6326-6887  FullSyncWorker          com.mydeck.app                       D  Performing delta sync since=2026-01-30T05:30:14.101Z
2026-01-29 23:35:21.121  6326-6889  BookmarkRe...mDeltaSync com.mydeck.app                       D  Starting delta sync with since=2026-01-30T05:30:14Z
2026-01-29 23:35:21.133  6326-6346  WM-ConstraintTracker    com.mydeck.app                       D  NetworkStateTracker24: initial state = NetworkState(isConnected=true, isValidated=true, isMetered=false, isNotRoaming=true)
2026-01-29 23:35:21.134  6326-6346  WM-NetworkStateTracker  com.mydeck.app                       D  Registering network callback
2026-01-29 23:35:21.155  6326-6346  WM-PackageManagerHelper com.mydeck.app                       D  androidx.work.impl.background.systemalarm.RescheduleReceiver enabled
2026-01-29 23:35:21.156  6326-6326  SyncSettin...el$uiState com.mydeck.app                       D  enabled=false, timeFrame=MANUAL
2026-01-29 23:35:21.157  6326-6326  SyncSettin...el$uiState com.mydeck.app                       D  workInfo=null
2026-01-29 23:35:21.158  6326-6326  SyncSettin...el$uiState com.mydeck.app                       D  changed
2026-01-29 23:35:21.166  6326-6361  WM-NetworkStateTracker  com.mydeck.app                       D  Network capabilities changed: [ Transports: WIFI Capabilities: NOT_METERED&INTERNET&NOT_RESTRICTED&TRUSTED&NOT_VPN&VALIDATED&NOT_ROAMING&FOREGROUND&NOT_CONGESTED&NOT_SUSPENDED&NOT_VCN_MANAGED&NOT_BANDWIDTH_CONSTRAINED LinkUpBandwidth>=12000Kbps LinkDnBandwidth>=30000Kbps TransportInfo: <SSID: <unknown ssid>, BSSID: 02:00:00:00:00:00, MAC: 02:00:00:00:00:00, IP: /10.0.2.16, Security type: 0, Supplicant state: COMPLETED, Wi-Fi standard: legacy, RSSI: -50, Link speed: 1Mbps, Tx Link speed: 1Mbps, Max Supported Tx Link speed: 11Mbps, Rx Link speed: 2Mbps, Max Supported Rx Link speed: 11Mbps, Frequency: 2447MHz, Net ID: -1, Metered hint: false, score: 83, isUsable: true, CarrierMerged: false, SubscriptionId: -1, IsPrimary: -1, Trusted: true, Restricted: false, Ephemeral: false, OEM paid: false, OEM private: false, OSU AP: false, FQDN: <none>, Provider friendly name: <none>, Requesting package name: <none><none>MLO Information: , Is TID-To-Link negotiation supported by the AP: false, AP MLD Address: <none>, AP MLO Link Id: <none>, AP MLO Affiliated links: <none>, Vendor Data: <none>> SignalStrength: -50 UnderlyingNetworks: Null]
2026-01-29 23:35:21.170  6326-6938  okhttp.OkHttpClient     com.mydeck.app                       I  --> GET https://read.eatonfamily.net/api/bookmarks/sync?since=2026-01-30T05%3A30%3A14Z
2026-01-29 23:35:21.172  6326-6346  WM-GreedyScheduler      com.mydeck.app                       D  Constraints met: Scheduling work ID WorkGenerationalId(workSpecId=3ba513ba-f2b2-4807-887c-dc77c841853a, generation=0)
2026-01-29 23:35:21.174  6326-6346  WM-Processor            com.mydeck.app                       D  Work WorkGenerationalId(workSpecId=3ba513ba-f2b2-4807-887c-dc77c841853a, generation=0) is already enqueued for processing
2026-01-29 23:35:21.285  6326-6938  okhttp.OkHttpClient     com.mydeck.app                       I  <-- 500 https://read.eatonfamily.net/api/bookmarks/sync?since=2026-01-30T05%3A30%3A14Z (115ms, unknown-length body)
2026-01-29 23:35:21.287  6326-6889  BookmarkRe...mDeltaSync com.mydeck.app                       E  Sync status failed with code: 500
2026-01-29 23:35:21.288  6326-6803  FullSyncWorker          com.mydeck.app                       W  Delta sync failed, falling back to full sync
2026-01-29 23:35:21.295  6326-6938  okhttp.OkHttpClient     com.mydeck.app                       I  --> GET https://read.eatonfamily.net/api/bookmarks?limit=50&offset=0&sort=created
2026-01-29 23:35:21.344  6326-6938  okhttp.OkHttpClient     com.mydeck.app                       I  <-- 200 https://read.eatonfamily.net/api/bookmarks?limit=50&offset=0&sort=created (48ms, unknown-length body)
2026-01-29 23:35:21.354  6326-6679  BookmarkRe...rmFullSync com.mydeck.app                       D  Fetched 2 remote bookmarks (offset=0)
2026-01-29 23:35:21.355  6326-6679  BookmarkRe...rmFullSync com.mydeck.app                       D  currentPage=1
2026-01-29 23:35:21.355  6326-6679  BookmarkRe...rmFullSync com.mydeck.app                       D  totalPages=1
2026-01-29 23:35:21.355  6326-6679  BookmarkRe...rmFullSync com.mydeck.app                       D  totalCount=2
2026-01-29 23:35:21.359  6326-6679  BookmarkRe...rmFullSync com.mydeck.app                       I  Deleted bookmarks: 0
2026-01-29 23:35:21.362  6326-6887  FullSyncWorker          com.mydeck.app                       D  Deletion sync successful: 0 deleted
2026-01-29 23:35:21.365  6326-6887  FullSyncWorker          com.mydeck.app                       D  Fetching updated bookmarks
2026-01-29 23:35:21.365  6326-6887  LoadBookmarksUseCase    com.mydeck.app                       D  execute(pageSize=50, initialOffset=0
2026-01-29 23:35:21.366  6326-6887  LoadBookmarksUseCase    com.mydeck.app                       I  Loaded last bookmark timestamp: [utc=2026-01-30T05:23:52.311890828Z]
2026-01-29 23:35:21.369  6326-6938  okhttp.OkHttpClient     com.mydeck.app                       I  --> GET https://read.eatonfamily.net/api/bookmarks?limit=50&offset=0&updated_since=2026-01-30T05%3A23%3A52.311890828Z&sort=created
2026-01-29 23:35:21.418  6326-6938  okhttp.OkHttpClient     com.mydeck.app                       I  <-- 200 https://read.eatonfamily.net/api/bookmarks?limit=50&offset=0&updated_since=2026-01-30T05%3A23%3A52.311890828Z&sort=created (48ms, unknown-length body)
2026-01-29 23:35:21.423  6326-6887  LoadBookmarksUseCase    com.mydeck.app                       D  currentPage=1
2026-01-29 23:35:21.424  6326-6887  LoadBookmarksUseCase    com.mydeck.app                       D  totalPages=1
2026-01-29 23:35:21.424  6326-6887  LoadBookmarksUseCase    com.mydeck.app                       D  totalCount=2
2026-01-29 23:35:21.433  6326-6326  SyncSettin...el$uiState com.mydeck.app                       D  changed
2026-01-29 23:35:21.438  6326-6887  LoadBookmarksUseCase    com.mydeck.app                       I  Saved last bookmark timestamp: [local=2026-01-29T23:23:52.311890828, utc=2026-01-30T05:23:52.311890828Z]
2026-01-29 23:35:21.441  6326-6887  LoadBookmarksUseCase    com.mydeck.app                       D  Batch article loader enqueued successfully
2026-01-29 23:35:21.456  6326-6353  JobInfo                 com.mydeck.app                       W  Requested important-while-foreground flag for job89 is ignored and takes no effect
2026-01-29 23:35:21.457  6326-6353  WM-SystemJobScheduler   com.mydeck.app                       D  Scheduling work ID e6ef68f2-67e6-4917-9411-f986e7cf245fJob ID 89
2026-01-29 23:35:21.461  6326-6887  FullSyncWorker          com.mydeck.app                       D  Skipping notification for manual sync
2026-01-29 23:35:21.471  6326-6353  WM-GreedyScheduler      com.mydeck.app                       D  Starting tracking for e6ef68f2-67e6-4917-9411-f986e7cf245f
2026-01-29 23:35:21.473  6326-6346  WM-WorkerWrapper        com.mydeck.app                       I  Worker result SUCCESS for Work [ id=3ba513ba-f2b2-4807-887c-dc77c841853a, tags={ com.mydeck.app.worker.FullSyncWorker,full_sync } ]
2026-01-29 23:35:21.475  6326-6326  WM-SystemJobService     com.mydeck.app                       D  onStartJob for WorkGenerationalId(workSpecId=e6ef68f2-67e6-4917-9411-f986e7cf245f, generation=0)
2026-01-29 23:35:21.479  6326-6326  WM-Processor            com.mydeck.app                       D  Processor 3ba513ba-f2b2-4807-887c-dc77c841853a executed; reschedule = false
2026-01-29 23:35:21.479  6326-6326  WM-GreedyScheduler      com.mydeck.app                       D  Stopping tracking for WorkGenerationalId(workSpecId=3ba513ba-f2b2-4807-887c-dc77c841853a, generation=0)
2026-01-29 23:35:21.480  6326-6326  WM-SystemJobService     com.mydeck.app                       D  3ba513ba-f2b2-4807-887c-dc77c841853a executed on JobScheduler
2026-01-29 23:35:21.490  6326-6353  WM-Processor            com.mydeck.app                       D  Processor: processing WorkGenerationalId(workSpecId=e6ef68f2-67e6-4917-9411-f986e7cf245f, generation=0)
2026-01-29 23:35:21.491  6326-6353  WM-GreedyScheduler      com.mydeck.app                       D  Cancelling work ID 3ba513ba-f2b2-4807-887c-dc77c841853a
2026-01-29 23:35:21.494  6326-6353  WM-GreedyScheduler      com.mydeck.app                       D  Starting tracking for e6ef68f2-67e6-4917-9411-f986e7cf245f
2026-01-29 23:35:21.494  6326-6346  WM-NetworkStateTracker  com.mydeck.app                       D  Unregistering network callback
2026-01-29 23:35:21.501  6326-6353  WM-ConstraintTracker    com.mydeck.app                       D  BatteryNotLowTracker: initial state = true
2026-01-29 23:35:21.502  6326-6353  WM-BrdcstRcvrCnstrntTrc com.mydeck.app                       D  BatteryNotLowTracker: registering receiver
2026-01-29 23:35:21.503  6326-6326  WM-WorkerWrapper        com.mydeck.app                       D  Starting work for com.mydeck.app.worker.BatchArticleLoadWorker
2026-01-29 23:35:21.504  6326-6887  BatchArticleLoadWorker  com.mydeck.app                       D  BatchArticleLoadWorker starting
2026-01-29 23:35:21.506  6326-6353  WM-ConstraintTracker    com.mydeck.app                       D  NetworkStateTracker24: initial state = NetworkState(isConnected=true, isValidated=true, isMetered=false, isNotRoaming=true)
2026-01-29 23:35:21.506  6326-6353  WM-NetworkStateTracker  com.mydeck.app                       D  Registering network callback
2026-01-29 23:35:21.507  6326-6887  BatchArticleLoadWorker  com.mydeck.app                       I  Found 2 bookmarks without content
2026-01-29 23:35:21.510  6326-6887  BatchArticleLoadWorker  com.mydeck.app                       D  Processing batch 1, size=2
2026-01-29 23:35:21.516  6326-6326  SyncSettin...el$uiState com.mydeck.app                       D  enabled=false, timeFrame=MANUAL
2026-01-29 23:35:21.517  6326-6326  SyncSettin...el$uiState com.mydeck.app                       D  workInfo=null
2026-01-29 23:35:21.518  6326-6326  SyncSettin...el$uiState com.mydeck.app                       D  changed
2026-01-29 23:35:21.519  6326-6361  WM-NetworkStateTracker  com.mydeck.app                       D  Network capabilities changed: [ Transports: WIFI Capabilities: NOT_METERED&INTERNET&NOT_RESTRICTED&TRUSTED&NOT_VPN&VALIDATED&NOT_ROAMING&FOREGROUND&NOT_CONGESTED&NOT_SUSPENDED&NOT_VCN_MANAGED&NOT_BANDWIDTH_CONSTRAINED LinkUpBandwidth>=12000Kbps LinkDnBandwidth>=30000Kbps TransportInfo: <SSID: <unknown ssid>, BSSID: 02:00:00:00:00:00, MAC: 02:00:00:00:00:00, IP: /10.0.2.16, Security type: 0, Supplicant state: COMPLETED, Wi-Fi standard: legacy, RSSI: -50, Link speed: 1Mbps, Tx Link speed: 1Mbps, Max Supported Tx Link speed: 11Mbps, Rx Link speed: 2Mbps, Max Supported Rx Link speed: 11Mbps, Frequency: 2447MHz, Net ID: -1, Metered hint: false, score: 83, isUsable: true, CarrierMerged: false, SubscriptionId: -1, IsPrimary: -1, Trusted: true, Restricted: false, Ephemeral: false, OEM paid: false, OEM private: false, OSU AP: false, FQDN: <none>, Provider friendly name: <none>, Requesting package name: <none><none>MLO Information: , Is TID-To-Link negotiation supported by the AP: false, AP MLD Address: <none>, AP MLO Link Id: <none>, AP MLO Affiliated links: <none>, Vendor Data: <none>> SignalStrength: -50 UnderlyingNetworks: Null]
2026-01-29 23:35:21.523  6326-6353  WM-GreedyScheduler      com.mydeck.app                       D  Constraints met: Scheduling work ID WorkGenerationalId(workSpecId=e6ef68f2-67e6-4917-9411-f986e7cf245f, generation=0)
2026-01-29 23:35:21.532  6326-6938  okhttp.OkHttpClient     com.mydeck.app                       I  --> GET https://read.eatonfamily.net/api/bookmarks/WMNCbaQHTjGu59qRDbWh44/article
2026-01-29 23:35:21.538  6326-6940  okhttp.OkHttpClient     com.mydeck.app                       I  --> GET https://read.eatonfamily.net/api/bookmarks/LSqK1cWbjB9crnUYzxT4Qe/article
2026-01-29 23:35:21.541  6326-6353  WM-Processor            com.mydeck.app                       D  Work WorkGenerationalId(workSpecId=e6ef68f2-67e6-4917-9411-f986e7cf245f, generation=0) is already enqueued for processing
2026-01-29 23:35:21.585  6326-6938  okhttp.OkHttpClient     com.mydeck.app                       I  <-- 200 https://read.eatonfamily.net/api/bookmarks/WMNCbaQHTjGu59qRDbWh44/article (52ms, unknown-length body)
2026-01-29 23:35:21.590  6326-6326  SyncSettin...el$uiState com.mydeck.app                       D  changed
2026-01-29 23:35:21.598  6326-6940  okhttp.OkHttpClient     com.mydeck.app                       I  <-- 200 https://read.eatonfamily.net/api/bookmarks/LSqK1cWbjB9crnUYzxT4Qe/article (57ms, unknown-length body)
2026-01-29 23:35:21.607  6326-6679  BatchArticleLoadWorker  com.mydeck.app                       I  BatchArticleLoadWorker completed successfully
2026-01-29 23:35:21.608  6326-6326  SyncSettin...el$uiState com.mydeck.app                       D  changed
2026-01-29 23:35:21.616  6326-6346  WM-WorkerWrapper        com.mydeck.app                       I  Worker result SUCCESS for Work [ id=e6ef68f2-67e6-4917-9411-f986e7cf245f, tags={ com.mydeck.app.worker.BatchArticleLoadWorker } ]
2026-01-29 23:35:21.617  6326-6326  WM-Processor            com.mydeck.app                       D  Processor e6ef68f2-67e6-4917-9411-f986e7cf245f executed; reschedule = false
2026-01-29 23:35:21.617  6326-6326  WM-GreedyScheduler      com.mydeck.app                       D  Stopping tracking for WorkGenerationalId(workSpecId=e6ef68f2-67e6-4917-9411-f986e7cf245f, generation=0)
2026-01-29 23:35:21.618  6326-6326  WM-SystemJobService     com.mydeck.app                       D  e6ef68f2-67e6-4917-9411-f986e7cf245f executed on JobScheduler
2026-01-29 23:35:21.620  6326-6353  WM-GreedyScheduler      com.mydeck.app                       D  Cancelling work ID e6ef68f2-67e6-4917-9411-f986e7cf245f
2026-01-29 23:35:21.620  6326-6353  WM-BrdcstRcvrCnstrntTrc com.mydeck.app                       D  BatteryNotLowTracker: unregistering receiver
2026-01-29 23:35:21.621  6326-6353  WM-NetworkStateTracker  com.mydeck.app                       D  Unregistering network callback
2026-01-29 23:35:21.624  6326-6353  WM-PackageManagerHelper com.mydeck.app                       D  androidx.work.impl.background.systemalarm.RescheduleReceiver disabled
